  6x8 done
  10x15 done
  12x20 done
  20x30 done
  20x40 done
  30x50 done
  10x30 done
  20x15 done
Machine: AMD Ryzen AI 9 HX 370 w/ Radeon 890M | NA GB RAM | searchnet 0.11.0 | RSiena 1.5.0 | R version 4.5.3 (2026-03-11 ucrt) | Windows 10 x64 | 2026-10-07 22:09:43 
Background load not controlled; other processes may have been running.

Overhead, seconds per arm (median, IQR):
  A  median 1.070  IQR 0.983-1.137
  B  median 0.170  IQR 0.162-0.190
  C  median 0.110  IQR 0.110-0.110
  paper's definition (A - C)/C: median of per-rep values 873%; ratio of medians 873%
  share of A spent outside the simulation (A - B)/A: 84%

Scalability, medians of 10 repetitions:
  M  N elapsed ministeps final_density
  6  8   1.445     180.0     0.3958333
 10 15   2.150     303.0     0.3200000
 10 30   2.715     303.0     0.2816667
 12 20   2.465     361.0     0.3395833
 20 15   4.795     591.5     0.3283333
 20 30   4.710     591.5     0.2891667
 20 40   5.155     591.5     0.2631250
 30 50   8.230     878.0     0.2440000

Factorial fit log(time) ~ log M + log N: b_M = 0.98, b_N = 0.16
All eight sizes, log(time) ~ log(M N): slope 0.51
