searchnet 0.11.0 | RSiena 1.5.0 | R version 4.5.3 (2026-03-11 ucrt) | Windows 10 x64 | 2026-10-07 21:43:10 
Rscript.exe : searchnet: a covariate was declared without `centered`; it is used uncentered (centered = FALSE), the 
default since 0.11.0. Before 0.11.0 RSiena centered it on its mean. Add `centered = TRUE` to the declaration to 
restore that. (Shown once per session.)
At line:1 char:474
+ ... _thm2.log"; & "C:\Program Files\R\R-4.5.3\bin\Rscript.exe" "$d\search ...
+                 ~~~~~~~~~~~~~~~~~~~~~~~~~~~~~~~~~~~~~~~~~~~~~~~~~~~~~~~~~
    + CategoryInfo          : NotSpecified: (searchnet: a co...e per session.):String) [], RemoteException
    + FullyQualifiedErrorId : NativeCommandError
 
  d=-0.30 p=0.20 s=0.100  admissible=FALSE  (6.5s)
  d=-0.50 p=0.20 s=0.100  admissible=FALSE  (6.0s)
  d=-0.75 p=0.20 s=0.100  admissible=FALSE  (5.5s)
  d=-1.00 p=0.20 s=0.100  admissible=FALSE  (5.6s)
  d=-1.25 p=0.20 s=0.100  admissible=FALSE  (5.7s)
  d=-1.50 p=0.20 s=0.100  admissible=FALSE  (6.4s)
  d=-2.00 p=0.20 s=0.100  admissible=FALSE  (5.8s)
  d=-2.50 p=0.20 s=0.100  admissible=FALSE  (5.8s)
  d=-3.00 p=0.20 s=0.100  admissible=FALSE  (5.6s)
  d=-0.30 p=0.10 s=0.100  admissible=FALSE  (6.0s)
  d=-0.50 p=0.10 s=0.100  admissible=FALSE  (6.1s)
  d=-0.75 p=0.10 s=0.100  admissible=FALSE  (6.1s)
  d=-1.00 p=0.10 s=0.100  admissible=FALSE  (7.6s)
  d=-1.25 p=0.10 s=0.100  admissible=FALSE  (7.1s)
  d=-1.50 p=0.10 s=0.100  admissible=FALSE  (7.1s)
  d=-2.00 p=0.10 s=0.100  admissible=FALSE  (6.8s)
  d=-2.50 p=0.10 s=0.100  admissible=FALSE  (6.7s)
  d=-3.00 p=0.10 s=0.100  admissible=FALSE  (6.9s)
  d=-0.30 p=0.05 s=0.100  admissible=FALSE  (7.5s)
  d=-0.50 p=0.05 s=0.100  admissible=FALSE  (7.5s)
  d=-0.75 p=0.05 s=0.100  admissible=FALSE  (7.3s)
  d=-1.00 p=0.05 s=0.100  admissible=FALSE  (4.9s)
  d=-1.25 p=0.05 s=0.100  admissible=TRUE  (5.3s)
  d=-1.50 p=0.05 s=0.100  admissible=TRUE  (7.2s)
  d=-2.00 p=0.05 s=0.100  admissible=FALSE  (6.1s)
  d=-2.50 p=0.05 s=0.100  admissible=FALSE  (6.9s)
  d=-3.00 p=0.05 s=0.100  admissible=FALSE  (7.4s)
  d=-0.30 p=0.20 s=0.050  admissible=FALSE  (6.8s)
  d=-0.50 p=0.20 s=0.050  admissible=FALSE  (6.9s)
  d=-0.75 p=0.20 s=0.050  admissible=FALSE  (6.7s)
  d=-1.00 p=0.20 s=0.050  admissible=FALSE  (7.3s)
  d=-1.25 p=0.20 s=0.050  admissible=FALSE  (6.9s)
  d=-1.50 p=0.20 s=0.050  admissible=FALSE  (7.1s)
  d=-2.00 p=0.20 s=0.050  admissible=FALSE  (6.9s)
  d=-2.50 p=0.20 s=0.050  admissible=FALSE  (7.2s)
  d=-3.00 p=0.20 s=0.050  admissible=FALSE  (6.8s)
  d=-0.30 p=0.10 s=0.050  admissible=FALSE  (7.8s)
  d=-0.50 p=0.10 s=0.050  admissible=FALSE  (7.9s)
  d=-0.75 p=0.10 s=0.050  admissible=FALSE  (8.3s)
  d=-1.00 p=0.10 s=0.050  admissible=TRUE  (7.4s)
  d=-1.25 p=0.10 s=0.050  admissible=TRUE  (7.4s)
  d=-1.50 p=0.10 s=0.050  admissible=FALSE  (7.8s)
  d=-2.00 p=0.10 s=0.050  admissible=FALSE  (6.9s)
  d=-2.50 p=0.10 s=0.050  admissible=FALSE  (7.1s)
  d=-3.00 p=0.10 s=0.050  admissible=FALSE  (7.3s)
  d=-0.30 p=0.05 s=0.050  admissible=FALSE  (6.8s)
  d=-0.50 p=0.05 s=0.050  admissible=FALSE  (7.7s)
  d=-0.75 p=0.05 s=0.050  admissible=FALSE  (8.4s)
  d=-1.00 p=0.05 s=0.050  admissible=TRUE  (8.1s)
  d=-1.25 p=0.05 s=0.050  admissible=TRUE  (7.0s)
  d=-1.50 p=0.05 s=0.050  admissible=FALSE  (6.8s)
  d=-2.00 p=0.05 s=0.050  admissible=FALSE  (6.5s)
  d=-2.50 p=0.05 s=0.050  admissible=FALSE  (6.8s)
  d=-3.00 p=0.05 s=0.050  admissible=FALSE  (7.3s)
  d=-0.30 p=0.20 s=0.025  admissible=FALSE  (7.4s)
  d=-0.50 p=0.20 s=0.025  admissible=FALSE  (7.6s)
  d=-0.75 p=0.20 s=0.025  admissible=FALSE  (7.2s)
  d=-1.00 p=0.20 s=0.025  admissible=FALSE  (6.9s)
  d=-1.25 p=0.20 s=0.025  admissible=FALSE  (6.9s)
  d=-1.50 p=0.20 s=0.025  admissible=TRUE  (7.2s)
  d=-2.00 p=0.20 s=0.025  admissible=FALSE  (7.6s)
  d=-2.50 p=0.20 s=0.025  admissible=FALSE  (6.2s)
  d=-3.00 p=0.20 s=0.025  admissible=FALSE  (4.8s)
  d=-0.30 p=0.10 s=0.025  admissible=FALSE  (5.0s)
  d=-0.50 p=0.10 s=0.025  admissible=FALSE  (4.9s)
  d=-0.75 p=0.10 s=0.025  admissible=TRUE  (4.8s)
  d=-1.00 p=0.10 s=0.025  admissible=TRUE  (4.0s)
  d=-1.25 p=0.10 s=0.025  admissible=FALSE  (4.2s)
  d=-1.50 p=0.10 s=0.025  admissible=FALSE  (4.2s)
  d=-2.00 p=0.10 s=0.025  admissible=FALSE  (4.0s)
  d=-2.50 p=0.10 s=0.025  admissible=FALSE  (3.8s)
  d=-3.00 p=0.10 s=0.025  admissible=FALSE  (3.8s)
  d=-0.30 p=0.05 s=0.025  admissible=FALSE  (4.0s)
  d=-0.50 p=0.05 s=0.025  admissible=TRUE  (3.7s)
  d=-0.75 p=0.05 s=0.025  admissible=TRUE  (3.9s)
  d=-1.00 p=0.05 s=0.025  admissible=FALSE  (4.3s)
  d=-1.25 p=0.05 s=0.025  admissible=FALSE  (3.7s)
  d=-1.50 p=0.05 s=0.025  admissible=FALSE  (3.8s)
  d=-2.00 p=0.05 s=0.025  admissible=FALSE  (3.9s)
  d=-2.50 p=0.05 s=0.025  admissible=FALSE  (4.0s)
  d=-3.00 p=0.05 s=0.025  admissible=FALSE  (3.6s)
SELECTED: density = -0.50, popularity = 0.05, scope = 0.025 (distance 0.261)
